================================================================================
JobID = 10612946
User = u14374, Account = ag_gipp
Partition = scc-gpu, Nodelist = ggpu196
================================================================================
Submitting job with sbatch from directory: /scratch-scc/users/u14374/bachelorarbeit/bachelorthesis_multilingual_steering
Home directory: /user/stein65/u14374
Working directory: /scratch-scc/users/u14374/bachelorarbeit/bachelorthesis_multilingual_steering
Current node: ggpu196
Python 3.12.8

Current Branch: main
Latest Commit: a83f4fd
Uncommitted Changes: 3

Activated Conda environment: modified_lm_eval_env
Files to process in or_bench_dict: {}
============ Job Information ===================================================
Submitted: 2025-08-29T10:57:26
Started: 2025-08-29T10:58:07
Ended: 2025-08-29T10:58:58
Elapsed: 1 min, Limit: 30 min, Difference: 29 min
CPUs: 8, Nodes: 1
Estimated Consumption: 2.50 core-hours
================================================================================
