================================================================================
JobID = 10574824
User = u14374, Account = ag_gipp
Partition = scc-gpu, Nodelist = ggpu135
================================================================================
Submitting job with sbatch from directory: /scratch-scc/users/u14374/bachelorarbeit/bachelorthesis_multilingual_steering
Home directory: /user/stein65/u14374
Working directory: /scratch-scc/users/u14374/bachelorarbeit/bachelorthesis_multilingual_steering
Current node: ggpu135
Python 3.12.8

Current Branch: main
Latest Commit: 76f8427
Uncommitted Changes: 2

Activated Conda environment: modified_lm_eval_env
============ Job Information ===================================================
Submitted: 2025-08-27T15:39:19
Started: 2025-08-27T17:01:08
Ended: 2025-08-27T17:01:58
Elapsed: 1 min, Limit: 30 min, Difference: 29 min
CPUs: 8, Nodes: 1
Estimated Consumption: 2.50 core-hours
================================================================================
