================================================================================
JobID = 10638549
User = u14374, Account = ag_gipp
Partition = scc-gpu, Nodelist = ggpu136
================================================================================
Submitting job with sbatch from directory: /scratch-scc/users/u14374/bachelorarbeit/bachelorthesis_multilingual_steering
Home directory: /user/stein65/u14374
Working directory: /scratch-scc/users/u14374/bachelorarbeit/bachelorthesis_multilingual_steering
Current node: ggpu136
Python 3.12.8

Current Branch: main
Latest Commit: 84690fd
Uncommitted Changes: 236

Activated Conda environment: modified_lm_eval_env
Loading model CohereLabs/aya-101 and tokenizer...
============ Job Information ===================================================
Submitted: 2025-08-31T15:01:40
Started: 2025-08-31T15:02:13
Ended: 2025-08-31T15:17:30
Elapsed: 16 min, Limit: 15 min, Difference: -1 min
CPUs: 8, Nodes: 1
Estimated Consumption: 40.00 core-hours
================================================================================
