================================================================================
JobID = 11153275
User = u14374, Account = ag_gipp
Partition = scc-gpu, Nodelist = ggpu142
================================================================================
Submitting job with sbatch from directory: /scratch-scc/users/u14374/bachelorarbeit/bachelorthesis_multilingual_steering
Home directory: /user/stein65/u14374
Working directory: /scratch-scc/users/u14374/bachelorarbeit/bachelorthesis_multilingual_steering
Current node: ggpu142
Python 3.12.8

Current Branch: main
Latest Commit: 6b433f3
Uncommitted Changes: 6

Activated Conda environment: modified_lm_eval_env
============ Job Information ===================================================
Submitted: 2025-09-26T12:27:02
Started: 2025-09-26T12:27:09
Ended: 2025-09-26T12:28:14
Elapsed: 2 min, Limit: 360 min, Difference: 358 min
CPUs: 8, Nodes: 1
Estimated Consumption: 5.00 core-hours
================================================================================
