================================================================================
JobID = 10254266
User = u14374, Account = ag_gipp
Partition = scc-gpu, Nodelist = ggpu151
================================================================================
Submitting job with sbatch from directory: /scratch-scc/users/u14374/bachelorarbeit/bachelorthesis_multilingual_steering/src
Home directory: /user/stein65/u14374
Working directory: /scratch-scc/users/u14374/bachelorarbeit/bachelorthesis_multilingual_steering/src
Current node: ggpu151
Python 3.12.8

Current Branch: main
Latest Commit: aa40f24
Uncommitted Changes: 7

Activated Conda environment: modified_lm_eval_env
3150 total responses counted.
3150 total responses in dataframe.
Task: multijail_baseline
Safe: 2848, Unsafe: 281, Invalid: 21
3150 total responses counted.
3150 total responses in dataframe.
Task: multijail_L11_S0.33
Safe: 2917, Unsafe: 166, Invalid: 67
3150 total responses counted.
3150 total responses in dataframe.
Task: multijail_L11_S0.66
Safe: 2917, Unsafe: 166, Invalid: 67
3150 total responses counted.
3150 total responses in dataframe.
Task: multijail_L11_S1.0
Safe: 2917, Unsafe: 166, Invalid: 67
1099 total responses counted.
1099 total responses in dataframe.
Task: or_bench_baseline
Safe: 1022, Unsafe: 24, Invalid: 53
1099 total responses counted.
1099 total responses in dataframe.
Task: or_bench_L11_S0.33
Safe: 962, Unsafe: 97, Invalid: 40
1099 total responses counted.
1099 total responses in dataframe.
Task: or_bench_L11_S0.66
Safe: 962, Unsafe: 98, Invalid: 39
1099 total responses counted.
1099 total responses in dataframe.
Task: or_bench_L11_S1.0
Safe: 962, Unsafe: 99, Invalid: 38

Results DataFrame:
         multijail_baseline  ...  or_bench_L11_S1.0
safe                   2848  ...                962
unsafe                  281  ...                 99
invalid                  21  ...                 38

[3 rows x 8 columns]
============ Job Information ===================================================
Submitted: 2025-08-08T09:11:05
Started: 2025-08-08T09:11:05
Ended: 2025-08-08T09:11:42
Elapsed: 1 min, Limit: 20 min, Difference: 19 min
CPUs: 8, Nodes: 1
Estimated Consumption: 2.50 core-hours
================================================================================
