================================================================================
JobID = 10588742
User = u14374, Account = ag_gipp
Partition = scc-gpu, Nodelist = ggpu135
================================================================================
Submitting job with sbatch from directory: /scratch-scc/users/u14374/bachelorarbeit/bachelorthesis_multilingual_steering
Home directory: /user/stein65/u14374
Working directory: /scratch-scc/users/u14374/bachelorarbeit/bachelorthesis_multilingual_steering
Current node: ggpu135
Python 3.12.8

Current Branch: main
Latest Commit: 76f8427
Uncommitted Changes: 173

Activated Conda environment: modified_lm_eval_env
Loading model CohereLabs/aya-expanse-8b and tokenizer...
============ Job Information ===================================================
Submitted: 2025-08-28T08:34:43
Started: 2025-08-28T08:35:03
Ended: 2025-08-28T08:36:00
Elapsed: 1 min, Limit: 180 min, Difference: 179 min
CPUs: 8, Nodes: 1
Estimated Consumption: 2.50 core-hours
================================================================================
