================================================================================
JobID = 10638465
User = u14374, Account = ag_gipp
Partition = scc-gpu, Nodelist = ggpu136
================================================================================
Submitting job with sbatch from directory: /scratch-scc/users/u14374/bachelorarbeit/bachelorthesis_multilingual_steering
Home directory: /user/stein65/u14374
Working directory: /scratch-scc/users/u14374/bachelorarbeit/bachelorthesis_multilingual_steering
Current node: ggpu136
Python 3.12.8

Current Branch: main
Latest Commit: 84690fd
Uncommitted Changes: 232

Activated Conda environment: modified_lm_eval_env
Loading model CohereLabs/aya-101 and tokenizer...
============ Job Information ===================================================
Submitted: 2025-08-31T14:57:09
Started: 2025-08-31T14:57:51
Ended: 2025-08-31T14:59:58
Elapsed: 3 min, Limit: 15 min, Difference: 12 min
CPUs: 8, Nodes: 1
Estimated Consumption: 7.50 core-hours
================================================================================
