================================================================================
JobID = 10590400
User = u14374, Account = ag_gipp
Partition = scc-gpu, Nodelist = ggpu135
================================================================================
Submitting job with sbatch from directory: /scratch-scc/users/u14374/bachelorarbeit/bachelorthesis_multilingual_steering
Home directory: /user/stein65/u14374
Working directory: /scratch-scc/users/u14374/bachelorarbeit/bachelorthesis_multilingual_steering
Current node: ggpu135
Python 3.12.8

Current Branch: main
Latest Commit: f1ed929
Uncommitted Changes: 39

Activated Conda environment: modified_lm_eval_env
============ Job Information ===================================================
Submitted: 2025-08-28T10:17:01
Started: 2025-08-28T10:17:34
Ended: 2025-08-28T10:18:31
Elapsed: 1 min, Limit: 180 min, Difference: 179 min
CPUs: 8, Nodes: 1
Estimated Consumption: 2.50 core-hours
================================================================================
