================================================================================
JobID = 10593658
User = u14374, Account = ag_gipp
Partition = scc-gpu, Nodelist = ggpu135
================================================================================
Submitting job with sbatch from directory: /scratch-scc/users/u14374/bachelorarbeit/bachelorthesis_multilingual_steering
Home directory: /user/stein65/u14374
Working directory: /scratch-scc/users/u14374/bachelorarbeit/bachelorthesis_multilingual_steering
Current node: ggpu135
Python 3.12.8

Current Branch: main
Latest Commit: f1ed929
Uncommitted Changes: 45

Activated Conda environment: modified_lm_eval_env
Loading model facebook/nllb-200-3.3B and tokenizer...
============ Job Information ===================================================
Submitted: 2025-08-28T14:16:11
Started: 2025-08-28T14:16:48
Ended: 2025-08-28T14:18:20
Elapsed: 2 min, Limit: 180 min, Difference: 178 min
CPUs: 8, Nodes: 1
Estimated Consumption: 5.00 core-hours
================================================================================
